// Jest Snapshot v1, https://goo.gl/fbAQLP

exports[`renders correctly 1`] = `
<li>
  <a
    href="/"
  >
    Home
  </a>
</li>
`;
