// Jest Snapshot v1, https://goo.gl/fbAQLP

exports[`renders correctly 1`] = `
<h1
  className="navbar-logo"
>
  <a
    href="test"
  >
    test
  </a>
</h1>
`;
