// Jest Snapshot v1, https://goo.gl/fbAQLP

exports[`renders correctly 1`] = `
<button
  aria-haspopup="true"
  className="MuiButtonBase-root-32 MuiButton-root-6 MuiButton-text-8 MuiButton-flat-11 UserInfo-button-5"
  disabled={false}
  onBlur={[Function]}
  onClick={[Function]}
  onContextMenu={[Function]}
  onFocus={[Function]}
  onKeyDown={[Function]}
  onKeyUp={[Function]}
  onMouseDown={[Function]}
  onMouseLeave={[Function]}
  onMouseUp={[Function]}
  onTouchEnd={[Function]}
  onTouchMove={[Function]}
  onTouchStart={[Function]}
  tabIndex="0"
  type="button"
>
  <span
    className="MuiButton-label-7"
  >
    <div
      className="MuiAvatar-root-35 UserInfo-avatar-1"
    >
      <img
        alt="test"
        className="MuiAvatar-img-37"
        src="test"
      />
    </div>
  </span>
  <span
    className="MuiTouchRipple-root-38"
  />
</button>
`;
