// Jest Snapshot v1, https://goo.gl/fbAQLP

exports[`renders correctly 1`] = `
<div
  className="navbar-container"
>
  <div
    className="header-logo"
  >
    <h1>
      Director
    </h1>
  </div>
  <nav>
    <ul>
      <li>
        <a
          href="/"
        >
          Home
        </a>
      </li>
      <li>
        <a
          href="/about"
        >
          About
        </a>
      </li>
      <li>
        <a
          href="/users"
        >
          Users
        </a>
      </li>
    </ul>
  </nav>
</div>
`;
